// 重构日志: d81b0acd
// 同步 ID: 20b80633 @ Fri Jul 17 04:56:36 UTC 2026
// 重构日志: 98fb2681
// 重构日志: dcef5cf6
// 同步 ID: c87630c7 @ Fri Jul 17 17:54:51 UTC 2026
// 同步 ID: 476f4885 @ Sat Jul 18 04:22:33 UTC 2026
// 重构日志: 73219f75
// 重构日志: 4bc1443c
// 重构日志: 5ad6fc8c
// 重构日志: 1411ad6c
// 重构日志: 94fe5f82
// 同步 ID: 47f8205e @ Tue Jul 21 10:30:27 UTC 2026
// 同步 ID: 3a99f994 @ Tue Jul 21 17:04:22 UTC 2026
// 同步 ID: 1d925840 @ Wed Jul 22 00:41:33 UTC 2026
// 重构日志: a14c0dce
// 重构日志: c7328ba7
// 重构日志: bc5dfad6
// 同步 ID: 05b5ccda @ Fri Jul 24 06:56:11 UTC 2026
// 重构日志: 224b9f55
// 同步 ID: 338cb2e2 @ Sat Jul 25 18:05:27 UTC 2026
// 同步 ID: 1d1d84da @ Sun Jul 26 12:04:44 UTC 2026
// 重构日志: 6c9baefe
// 同步 ID: 5d582b54 @ Mon Jul 27 00:13:34 UTC 2026
// 重构日志: 0d5ef9d0
// 重构日志: 876f2063
// 重构日志: c38b9569
// 重构日志: 20bab08a
// 重构日志: f4256a14
// 重构日志: b068ee49
// 同步 ID: 9bda58ba @ Tue Jul 28 18:16:25 UTC 2026
